2025-12-04 07:01:59 Request: Array
(
    [doctor_id] => c5c7e045-a10b-4450-8c59-54b8b74095e9
    [date] => 2025-12-03
)

2025-12-04 07:04:38 Request: Array
(
    [doctor_id] => c5c7e045-a10b-4450-8c59-54b8b74095e9
    [date] => 2025-12-03
)

2025-12-04 07:04:42 Request: Array
(
    [doctor_id] => c5c7e045-a10b-4450-8c59-54b8b74095e9
    [date] => 2025-12-04
)

2025-12-04 07:06:44 Request: Array
(
    [doctor_id] => c5c7e045-a10b-4450-8c59-54b8b74095e9
    [date] => 2025-12-04
)

2025-12-04 07:07:00 Request: Array
(
    [doctor_id] => c5c7e045-a10b-4450-8c59-54b8b74095e9
    [date] => 2025-12-05
)

2025-12-10 04:04:56 Request: Array
(
    [doctor_id] => c5c7e045-a10b-4450-8c59-54b8b74095e9
    [date] => 2025-12-09
)

2025-12-17 06:20:15 Request: Array
(
    [doctor_id] => 83e347e8-9607-450b-b69a-da551bc384bd
    [date] => 2025-12-16
)

2025-12-17 06:20:30 Request: Array
(
    [doctor_id] => 83e347e8-9607-450b-b69a-da551bc384bd
    [date] => 2025-12-16
)

2025-12-17 06:20:32 Request: Array
(
    [doctor_id] => 83e347e8-9607-450b-b69a-da551bc384bd
    [date] => 2025-12-16
)

2025-12-17 06:20:34 Request: Array
(
    [doctor_id] => 83e347e8-9607-450b-b69a-da551bc384bd
    [date] => 2025-12-16
)

2025-12-17 06:22:22 Request: Array
(
    [doctor_id] => 83e347e8-9607-450b-b69a-da551bc384bd
    [date] => 2025-12-16
)

2025-12-17 06:22:29 Request: Array
(
    [doctor_id] => 83e347e8-9607-450b-b69a-da551bc384bd
    [date] => 2025-12-17
)

2025-12-17 11:57:58 Request: Array
(
    [doctor_id] => 83e347e8-9607-450b-b69a-da551bc384bd
    [date] => 2025-12-16
)

2025-12-17 12:04:24 Request: Array
(
    [doctor_id] => 83e347e8-9607-450b-b69a-da551bc384bd
    [date] => 2025-12-17
)

2025-12-17 12:08:37 Request: Array
(
    [doctor_id] => 83e347e8-9607-450b-b69a-da551bc384bd
    [date] => 2025-12-17
)

2026-01-01 10:35:06 Request: Array
(
    [doctor_id] => 83e347e8-9607-450b-b69a-da551bc384bd
    [date] => 2026-01-02
)

2026-01-01 10:35:08 Request: Array
(
    [doctor_id] => 83e347e8-9607-450b-b69a-da551bc384bd
    [date] => 2026-01-01
)

2026-01-01 10:35:37 Request: Array
(
    [doctor_id] => 83e347e8-9607-450b-b69a-da551bc384bd
    [date] => 2026-01-01
)

2026-01-07 10:33:12 Request: Array
(
    [doctor_id] => c5c7e045-a10b-4450-8c59-54b8b74095e9
    [date] => 2026-01-07
)

2026-01-07 16:52:59 Request: Array
(
    [doctor_id] => c5c7e045-a10b-4450-8c59-54b8b74095e9
    [date] => 2026-01-07
)

2026-01-08 10:09:18 Request: Array
(
    [doctor_id] => c5c7e045-a10b-4450-8c59-54b8b74095e9
    [date] => 2026-01-08
)

2026-01-08 10:09:39 Request: Array
(
    [doctor_id] => c5c7e045-a10b-4450-8c59-54b8b74095e9
    [date] => 2026-01-08
)

2026-01-08 10:10:24 Request: Array
(
    [doctor_id] => c5c7e045-a10b-4450-8c59-54b8b74095e9
    [date] => 2026-01-08
)

2026-01-08 10:10:38 Request: Array
(
    [doctor_id] => c5c7e045-a10b-4450-8c59-54b8b74095e9
    [date] => 2026-01-14
)

2026-01-08 10:10:44 Request: Array
(
    [doctor_id] => c5c7e045-a10b-4450-8c59-54b8b74095e9
    [date] => 2026-02-14
)

2026-01-08 10:10:51 Request: Array
(
    [doctor_id] => 83e347e8-9607-450b-b69a-da551bc384bd
    [date] => 2026-02-14
)

2026-01-08 10:11:56 Request: Array
(
    [doctor_id] => 83e347e8-9607-450b-b69a-da551bc384bd
    [date] => 2026-01-08
)

2026-01-08 10:15:18 Request: Array
(
    [doctor_id] => c5c7e045-a10b-4450-8c59-54b8b74095e9
    [date] => 2026-01-08
)

2026-01-08 13:24:31 Request: Array
(
    [doctor_id] => c5c7e045-a10b-4450-8c59-54b8b74095e9
    [date] => 2026-01-08
)

2026-01-08 13:24:57 Request: Array
(
    [doctor_id] => 83e347e8-9607-450b-b69a-da551bc384bd
    [date] => 2026-01-08
)

2026-01-13 10:54:56 Request: Array
(
    [doctor_id] => 83e347e8-9607-450b-b69a-da551bc384bd
    [date] => 2026-01-13
)

2026-01-14 10:45:58 Request: Array
(
    [doctor_id] => c5c7e045-a10b-4450-8c59-54b8b74095e9
    [date] => 2026-01-14
)

2026-01-21 10:16:38 Request: Array
(
    [doctor_id] => c5c7e045-a10b-4450-8c59-54b8b74095e9
    [date] => 2026-01-21
)

2026-02-04 09:31:22 Request: Array
(
    [doctor_id] => c5c7e045-a10b-4450-8c59-54b8b74095e9
    [date] => 2026-02-04
)

2026-02-04 09:39:28 Request: Array
(
    [doctor_id] => c5c7e045-a10b-4450-8c59-54b8b74095e9
    [date] => 2026-02-06
)

2026-02-04 09:59:20 Request: Array
(
    [doctor_id] => c5c7e045-a10b-4450-8c59-54b8b74095e9
    [date] => 2026-02-04
)

2026-02-05 14:12:47 Request: Array
(
    [doctor_id] => c5c7e045-a10b-4450-8c59-54b8b74095e9
    [date] => 2026-02-05
)

2026-02-05 14:13:17 Request: Array
(
    [doctor_id] => c5c7e045-a10b-4450-8c59-54b8b74095e9
    [date] => 2026-02-05
)

2026-02-07 11:41:34 Request: Array
(
    [doctor_id] => c5c7e045-a10b-4450-8c59-54b8b74095e9
    [date] => 2026-02-08
)

2026-02-07 11:44:43 Request: Array
(
    [doctor_id] => c5c7e045-a10b-4450-8c59-54b8b74095e9
    [date] => 2026-02-07
)

2026-02-07 11:45:05 Request: Array
(
    [doctor_id] => c5c7e045-a10b-4450-8c59-54b8b74095e9
    [date] => 2026-02-07
)

2026-02-10 11:24:57 Request: Array
(
    [doctor_id] => c5c7e045-a10b-4450-8c59-54b8b74095e9
    [date] => 2026-02-11
)

2026-02-14 11:48:48 Request: Array
(
    [doctor_id] => c5c7e045-a10b-4450-8c59-54b8b74095e9
    [date] => 2026-02-14
)

2026-02-14 11:56:47 Request: Array
(
    [doctor_id] => c5c7e045-a10b-4450-8c59-54b8b74095e9
    [date] => 2026-02-14
)

2026-02-14 12:10:17 Request: Array
(
    [doctor_id] => 39e3f636-6556-4581-8708-5802a76dfe12
    [date] => 2026-02-14
)

2026-02-14 12:31:26 Request: Array
(
    [doctor_id] => 83e347e8-9607-450b-b69a-da551bc384bd
    [date] => 2026-02-14
)

2026-02-20 05:53:26 Request: Array
(
    [doctor_id] => 39e3f636-6556-4581-8708-5802a76dfe12
    [date] => 2026-02-20
)

2026-02-21 06:18:32 Request: Array
(
    [doctor_id] => c5c7e045-a10b-4450-8c59-54b8b74095e9
    [date] => 2026-02-21
)

2026-02-22 19:37:13 Request: Array
(
    [doctor_id] => e6111c64-cc32-4330-b36c-87838a6f37b9
    [date] => 2026-02-23
)

2026-03-03 10:33:16 Request: Array
(
    [doctor_id] => 83e347e8-9607-450b-b69a-da551bc384bd
    [date] => 2026-03-03
)

2026-03-03 11:04:17 Request: Array
(
    [doctor_id] => c5c7e045-a10b-4450-8c59-54b8b74095e9
    [date] => 2026-03-03
)

2026-03-03 11:05:27 Request: Array
(
    [doctor_id] => 83e347e8-9607-450b-b69a-da551bc384bd
    [date] => 2026-03-03
)

2026-03-03 11:10:57 Request: Array
(
    [doctor_id] => 39e3f636-6556-4581-8708-5802a76dfe12
    [date] => 2026-03-03
)

2026-03-03 15:07:48 Request: Array
(
    [doctor_id] => 83e347e8-9607-450b-b69a-da551bc384bd
    [date] => 2026-03-03
)

2026-03-03 15:08:15 Request: Array
(
    [doctor_id] => 83e347e8-9607-450b-b69a-da551bc384bd
    [date] => 2026-03-03
)

2026-03-03 15:30:34 Request: Array
(
    [doctor_id] => e6111c64-cc32-4330-b36c-87838a6f37b9
    [date] => 2026-03-03
)

2026-03-03 15:31:28 Request: Array
(
    [doctor_id] => 83e347e8-9607-450b-b69a-da551bc384bd
    [date] => 2026-03-03
)

